// Jest Snapshot v1, https://goo.gl/fbAQLP

exports[`VideoViewer should render a spinner then the video viewer 1`] = `
<div>
  <div
    class="styles__viewer-videoviewer___2iqnp"
  >
    <video
      controls=""
      src="https://viewerdemo.cozycloud.cc/Nextcloud.mp4"
    />
    <p
      class="styles__viewer-filename___36bWW"
    >
      sample.mp4
    </p>
  </div>
</div>
`;
